#
# There is insufficient memory for the Java Runtime Environment to continue.
# Native memory allocation (malloc) failed to allocate 32744 bytes. Error detail: Chunk::new
# Possible reasons:
#   The system is out of physical RAM or swap space
#   This process is running with CompressedOops enabled, and the Java Heap may be blocking the growth of the native heap
# Possible solutions:
#   Reduce memory load on the system
#   Increase physical memory or swap space
#   Check if swap backing store is full
#   Decrease Java heap size (-Xmx/-Xms)
#   Decrease number of Java threads
#   Decrease Java thread stack sizes (-Xss)
#   Set larger code cache with -XX:ReservedCodeCacheSize=
#   JVM is running with Unscaled Compressed Oops mode in which the Java heap is
#     placed in the first 4GB address space. The Java Heap base address is the
#     maximum limit for the native heap growth. Please use -XX:HeapBaseMinAddress
#     to set the Java Heap base and to place the Java Heap above 4GB virtual address.
# This output file may be truncated or incomplete.
#
#  Out of Memory Error (arena.cpp:149), pid=17416, tid=4164
#
# JRE version: Java(TM) SE Runtime Environment (23.0.1+11) (build 23.0.1+11-39)
# Java VM: Java HotSpot(TM) 64-Bit Server VM (23.0.1+11-39, mixed mode, sharing, tiered, compressed oops, compressed class ptrs, g1 gc, windows-amd64)
# No core dump will be written. Minidumps are not enabled by default on client versions of Windows
#

---------------  S U M M A R Y ------------

Command Line: -Dfile.encoding=UTF-8 --module-path=C:\Users\HP\OneDrive\Documents\NetBeansProjects\Travel Management System\build\classes travel.management.system.Signup

Host: Intel(R) Core(TM) i5-8265U CPU @ 1.60GHz, 8 cores, 7G,  Windows 11 , 64 bit Build 22621 (10.0.22621.5124)
Time: Sat Apr 19 17:01:05 2025 India Standard Time elapsed time: 423.241635 seconds (0d 0h 7m 3s)

---------------  T H R E A D  ---------------

Current thread (0x000001933bf94f50):  JavaThread "C1 CompilerThread0" daemon [_thread_in_native, id=4164, stack(0x00000072e9a00000,0x00000072e9b00000) (1024K)]


Current CompileTask:
C1:423241 1364       3       java.lang.StringConcatHelper::simpleConcat (94 bytes)

Stack: [0x00000072e9a00000,0x00000072e9b00000]
Native frames: (J=compiled Java code, j=interpreted, Vv=VM code, C=native code)
V  [jvm.dll+0x6e08b9]  (no source info available)
V  [jvm.dll+0x87dc83]  (no source info available)
V  [jvm.dll+0x88010e]  (no source info available)
V  [jvm.dll+0x8807e3]  (no source info available)
V  [jvm.dll+0x27aee6]  (no source info available)
V  [jvm.dll+0xbc06f]  (no source info available)
V  [jvm.dll+0xbc2cb]  (no source info available)
V  [jvm.dll+0x69edac]  (no source info available)
V  [jvm.dll+0x69f8e8]  (no source info available)
V  [jvm.dll+0x69f310]  (no source info available)
V  [jvm.dll+0x1edccd]  (no source info available)
V  [jvm.dll+0x160915]  (no source info available)
V  [jvm.dll+0x153f4c]  (no source info available)
V  [jvm.dll+0x1602f6]  (no source info available)
V  [jvm.dll+0x1635e6]  (no source info available)
V  [jvm.dll+0x162fc1]  (no source info available)
V  [jvm.dll+0x15a852]  (no source info available)
V  [jvm.dll+0x15caca]  (no source info available)
V  [jvm.dll+0x15b0f5]  (no source info available)
V  [jvm.dll+0x15463f]  (no source info available)
V  [jvm.dll+0x164c46]  (no source info available)
V  [jvm.dll+0x14fd7b]  (no source info available)
V  [jvm.dll+0x150173]  (no source info available)
V  [jvm.dll+0x1504db]  (no source info available)
V  [jvm.dll+0x14f8a8]  (no source info available)
V  [jvm.dll+0x1516ed]  (no source info available)
V  [jvm.dll+0x253cf1]  (no source info available)
V  [jvm.dll+0x251faa]  (no source info available)
V  [jvm.dll+0x3ee036]  (no source info available)
V  [jvm.dll+0x824f8b]  (no source info available)
V  [jvm.dll+0x6df065]  (no source info available)
C  [ucrtbase.dll+0x29333]  (no source info available)
C  [KERNEL32.DLL+0x1259d]  (no source info available)
C  [ntdll.dll+0x5af38]  (no source info available)

Lock stack of current Java thread (top to bottom):


---------------  P R O C E S S  ---------------

Threads class SMR info:
_java_thread_list=0x000001937ea13ee0, length=16, elements={
0x000001933bf7ebe0, 0x000001933bf7fb00, 0x000001933bf85a00, 0x000001933bf86a10,
0x000001933bf87470, 0x000001933bf87ed0, 0x000001933bf8b540, 0x000001933bf94f50,
0x000001937d120800, 0x000001937d1f8df0, 0x000001937d3446a0, 0x000001937d34c820,
0x000001937d3530a0, 0x000001937d3e2570, 0x000001931d07a6f0, 0x000001937eaa6870
}

Java Threads: ( => current thread )
  0x000001933bf7ebe0 JavaThread "Reference Handler"          daemon [_thread_blocked, id=13224, stack(0x00000072e9300000,0x00000072e9400000) (1024K)]
  0x000001933bf7fb00 JavaThread "Finalizer"                  daemon [_thread_blocked, id=22864, stack(0x00000072e9400000,0x00000072e9500000) (1024K)]
  0x000001933bf85a00 JavaThread "Signal Dispatcher"          daemon [_thread_blocked, id=14072, stack(0x00000072e9500000,0x00000072e9600000) (1024K)]
  0x000001933bf86a10 JavaThread "Attach Listener"            daemon [_thread_blocked, id=8084, stack(0x00000072e9600000,0x00000072e9700000) (1024K)]
  0x000001933bf87470 JavaThread "Service Thread"             daemon [_thread_blocked, id=7116, stack(0x00000072e9700000,0x00000072e9800000) (1024K)]
  0x000001933bf87ed0 JavaThread "Monitor Deflation Thread"   daemon [_thread_blocked, id=18652, stack(0x00000072e9800000,0x00000072e9900000) (1024K)]
  0x000001933bf8b540 JavaThread "C2 CompilerThread0"         daemon [_thread_blocked, id=13420, stack(0x00000072e9900000,0x00000072e9a00000) (1024K)]
=>0x000001933bf94f50 JavaThread "C1 CompilerThread0"         daemon [_thread_in_native, id=4164, stack(0x00000072e9a00000,0x00000072e9b00000) (1024K)]
  0x000001937d120800 JavaThread "Common-Cleaner"             daemon [_thread_blocked, id=6056, stack(0x00000072e9b00000,0x00000072e9c00000) (1024K)]
  0x000001937d1f8df0 JavaThread "Notification Thread"        daemon [_thread_blocked, id=24036, stack(0x00000072e9c00000,0x00000072e9d00000) (1024K)]
  0x000001937d3446a0 JavaThread "Java2D Disposer"            daemon [_thread_blocked, id=3268, stack(0x00000072e9d00000,0x00000072e9e00000) (1024K)]
  0x000001937d34c820 JavaThread "AWT-Shutdown"                      [_thread_blocked, id=4756, stack(0x00000072e9e00000,0x00000072e9f00000) (1024K)]
  0x000001937d3530a0 JavaThread "AWT-Windows"                daemon [_thread_in_native, id=8112, stack(0x00000072e9f00000,0x00000072ea000000) (1024K)]
  0x000001937d3e2570 JavaThread "AWT-EventQueue-0"                  [_thread_blocked, id=26544, stack(0x00000072ea200000,0x00000072ea300000) (1024K)]
  0x000001931d07a6f0 JavaThread "DestroyJavaVM"                     [_thread_blocked, id=13808, stack(0x00000072e8b00000,0x00000072e8c00000) (1024K)]
  0x000001937eaa6870 JavaThread "TimerQueue"                 daemon [_thread_blocked, id=15852, stack(0x00000072ea100000,0x00000072ea200000) (1024K)]
Total: 16

Other Threads:
  0x000001933bf63200 VMThread "VM Thread"                           [id=4524, stack(0x00000072e9200000,0x00000072e9300000) (1024K)]
  0x000001933bf525f0 WatcherThread "VM Periodic Task Thread"        [id=9312, stack(0x00000072e9100000,0x00000072e9200000) (1024K)]
  0x000001931f382f10 WorkerThread "GC Thread#0"                     [id=10960, stack(0x00000072e8c00000,0x00000072e8d00000) (1024K)]
  0x000001931f397b00 ConcurrentGCThread "G1 Main Marker"            [id=10260, stack(0x00000072e8d00000,0x00000072e8e00000) (1024K)]
  0x000001931f3997d0 WorkerThread "G1 Conc#0"                       [id=5372, stack(0x00000072e8e00000,0x00000072e8f00000) (1024K)]
  0x000001931f3de130 ConcurrentGCThread "G1 Refine#0"               [id=9456, stack(0x00000072e8f00000,0x00000072e9000000) (1024K)]
  0x000001933be195c0 ConcurrentGCThread "G1 Service"                [id=10024, stack(0x00000072e9000000,0x00000072e9100000) (1024K)]
Total: 7

Threads with active compile tasks:
C1 CompilerThread0  423307 1364       3       java.lang.StringConcatHelper::simpleConcat (94 bytes)
Total: 1

VM state: not at safepoint (normal execution)

VM Mutex/Monitor currently owned by a thread: None

Heap address: 0x0000000081c00000, size: 2020 MB, Compressed Oops mode: 32-bit

CDS archive(s) mapped at: [0x000001933c000000-0x000001933cd70000-0x000001933cd70000), size 14090240, SharedBaseAddress: 0x000001933c000000, ArchiveRelocationMode: 1.
Compressed class space mapped at: 0x000001933d000000-0x000001937d000000, reserved size: 1073741824
Narrow klass base: 0x000001933c000000, Narrow klass shift: 0, Narrow klass range: 0x41000000

GC Precious Log:
 CardTable entry size: 512
 Card Set container configuration: InlinePtr #cards 5 size 8 Array Of Cards #cards 10 size 36 Howl #buckets 4 coarsen threshold 1843 Howl Bitmap #cards 512 size 80 coarsen threshold 460 Card regions per heap region 1 cards per card region 2048
 CPUs: 8 total, 8 available
 Memory: 8078M
 Large Page Support: Disabled
 NUMA Support: Disabled
 Compressed Oops: Enabled (32-bit)
 Heap Region Size: 1M
 Heap Min Capacity: 8M
 Heap Initial Capacity: 128M
 Heap Max Capacity: 2020M
 Pre-touch: Disabled
 Parallel Workers: 8
 Concurrent Workers: 2
 Concurrent Refinement Workers: 8
 Periodic GC: Disabled

Heap:
 garbage-first heap   total reserved 2068480K, committed 131072K, used 28672K [0x0000000081c00000, 0x0000000100000000)
  region size 1024K, 21 young (21504K), 0 survivors (0K)
 Metaspace       used 8468K, committed 8704K, reserved 1114112K
  class space    used 946K, committed 1024K, reserved 1048576K

Heap Regions: E=young(eden), S=young(survivor), O=old, HS=humongous(starts), HC=humongous(continues), CS=collection set, F=free, TAMS=top-at-mark-start, PB=parsable bottom
|   0|0x0000000081c00000, 0x0000000081d00000, 0x0000000081d00000|100%|HS|  |TAMS 0x0000000081c00000| PB 0x0000000081c00000| Complete |  0
|   1|0x0000000081d00000, 0x0000000081e00000, 0x0000000081e00000|100%|HC|  |TAMS 0x0000000081d00000| PB 0x0000000081d00000| Complete |  0
|   2|0x0000000081e00000, 0x0000000081f00000, 0x0000000081f00000|100%|HC|  |TAMS 0x0000000081e00000| PB 0x0000000081e00000| Complete |  0
|   3|0x0000000081f00000, 0x0000000082000000, 0x0000000082000000|100%|HC|  |TAMS 0x0000000081f00000| PB 0x0000000081f00000| Complete |  0
|   4|0x0000000082000000, 0x0000000082100000, 0x0000000082100000|100%|HC|  |TAMS 0x0000000082000000| PB 0x0000000082000000| Complete |  0
|   5|0x0000000082100000, 0x0000000082200000, 0x0000000082200000|100%|HC|  |TAMS 0x0000000082100000| PB 0x0000000082100000| Complete |  0
|   6|0x0000000082200000, 0x0000000082300000, 0x0000000082300000|100%|HS|  |TAMS 0x0000000082200000| PB 0x0000000082200000| Complete |  0
|   7|0x0000000082300000, 0x0000000082400000, 0x0000000082400000|100%|HC|  |TAMS 0x0000000082300000| PB 0x0000000082300000| Complete |  0
|   8|0x0000000082400000, 0x0000000082400000, 0x0000000082500000|  0%| F|  |TAMS 0x0000000082400000| PB 0x0000000082400000| Untracked |  0
|   9|0x0000000082500000, 0x0000000082500000, 0x0000000082600000|  0%| F|  |TAMS 0x0000000082500000| PB 0x0000000082500000| Untracked |  0
|  10|0x0000000082600000, 0x0000000082600000, 0x0000000082700000|  0%| F|  |TAMS 0x0000000082600000| PB 0x0000000082600000| Untracked |  0
|  11|0x0000000082700000, 0x0000000082700000, 0x0000000082800000|  0%| F|  |TAMS 0x0000000082700000| PB 0x0000000082700000| Untracked |  0
|  12|0x0000000082800000, 0x0000000082800000, 0x0000000082900000|  0%| F|  |TAMS 0x0000000082800000| PB 0x0000000082800000| Untracked |  0
|  13|0x0000000082900000, 0x0000000082900000, 0x0000000082a00000|  0%| F|  |TAMS 0x0000000082900000| PB 0x0000000082900000| Untracked |  0
|  14|0x0000000082a00000, 0x0000000082a00000, 0x0000000082b00000|  0%| F|  |TAMS 0x0000000082a00000| PB 0x0000000082a00000| Untracked |  0
|  15|0x0000000082b00000, 0x0000000082b00000, 0x0000000082c00000|  0%| F|  |TAMS 0x0000000082b00000| PB 0x0000000082b00000| Untracked |  0
|  16|0x0000000082c00000, 0x0000000082c00000, 0x0000000082d00000|  0%| F|  |TAMS 0x0000000082c00000| PB 0x0000000082c00000| Untracked |  0
|  17|0x0000000082d00000, 0x0000000082d00000, 0x0000000082e00000|  0%| F|  |TAMS 0x0000000082d00000| PB 0x0000000082d00000| Untracked |  0
|  18|0x0000000082e00000, 0x0000000082e00000, 0x0000000082f00000|  0%| F|  |TAMS 0x0000000082e00000| PB 0x0000000082e00000| Untracked |  0
|  19|0x0000000082f00000, 0x0000000082f00000, 0x0000000083000000|  0%| F|  |TAMS 0x0000000082f00000| PB 0x0000000082f00000| Untracked |  0
|  20|0x0000000083000000, 0x0000000083000000, 0x0000000083100000|  0%| F|  |TAMS 0x0000000083000000| PB 0x0000000083000000| Untracked |  0
|  21|0x0000000083100000, 0x0000000083100000, 0x0000000083200000|  0%| F|  |TAMS 0x0000000083100000| PB 0x0000000083100000| Untracked |  0
|  22|0x0000000083200000, 0x0000000083200000, 0x0000000083300000|  0%| F|  |TAMS 0x0000000083200000| PB 0x0000000083200000| Untracked |  0
|  23|0x0000000083300000, 0x0000000083300000, 0x0000000083400000|  0%| F|  |TAMS 0x0000000083300000| PB 0x0000000083300000| Untracked |  0
|  24|0x0000000083400000, 0x0000000083400000, 0x0000000083500000|  0%| F|  |TAMS 0x0000000083400000| PB 0x0000000083400000| Untracked |  0
|  25|0x0000000083500000, 0x0000000083500000, 0x0000000083600000|  0%| F|  |TAMS 0x0000000083500000| PB 0x0000000083500000| Untracked |  0
|  26|0x0000000083600000, 0x0000000083600000, 0x0000000083700000|  0%| F|  |TAMS 0x0000000083600000| PB 0x0000000083600000| Untracked |  0
|  27|0x0000000083700000, 0x0000000083700000, 0x0000000083800000|  0%| F|  |TAMS 0x0000000083700000| PB 0x0000000083700000| Untracked |  0
|  28|0x0000000083800000, 0x0000000083800000, 0x0000000083900000|  0%| F|  |TAMS 0x0000000083800000| PB 0x0000000083800000| Untracked |  0
|  29|0x0000000083900000, 0x0000000083900000, 0x0000000083a00000|  0%| F|  |TAMS 0x0000000083900000| PB 0x0000000083900000| Untracked |  0
|  30|0x0000000083a00000, 0x0000000083a00000, 0x0000000083b00000|  0%| F|  |TAMS 0x0000000083a00000| PB 0x0000000083a00000| Untracked |  0
|  31|0x0000000083b00000, 0x0000000083b00000, 0x0000000083c00000|  0%| F|  |TAMS 0x0000000083b00000| PB 0x0000000083b00000| Untracked |  0
|  32|0x0000000083c00000, 0x0000000083c00000, 0x0000000083d00000|  0%| F|  |TAMS 0x0000000083c00000| PB 0x0000000083c00000| Untracked |  0
|  33|0x0000000083d00000, 0x0000000083d00000, 0x0000000083e00000|  0%| F|  |TAMS 0x0000000083d00000| PB 0x0000000083d00000| Untracked |  0
|  34|0x0000000083e00000, 0x0000000083e00000, 0x0000000083f00000|  0%| F|  |TAMS 0x0000000083e00000| PB 0x0000000083e00000| Untracked |  0
|  35|0x0000000083f00000, 0x0000000083f00000, 0x0000000084000000|  0%| F|  |TAMS 0x0000000083f00000| PB 0x0000000083f00000| Untracked |  0
|  36|0x0000000084000000, 0x0000000084000000, 0x0000000084100000|  0%| F|  |TAMS 0x0000000084000000| PB 0x0000000084000000| Untracked |  0
|  37|0x0000000084100000, 0x0000000084100000, 0x0000000084200000|  0%| F|  |TAMS 0x0000000084100000| PB 0x0000000084100000| Untracked |  0
|  38|0x0000000084200000, 0x0000000084200000, 0x0000000084300000|  0%| F|  |TAMS 0x0000000084200000| PB 0x0000000084200000| Untracked |  0
|  39|0x0000000084300000, 0x0000000084300000, 0x0000000084400000|  0%| F|  |TAMS 0x0000000084300000| PB 0x0000000084300000| Untracked |  0
|  40|0x0000000084400000, 0x0000000084400000, 0x0000000084500000|  0%| F|  |TAMS 0x0000000084400000| PB 0x0000000084400000| Untracked |  0
|  41|0x0000000084500000, 0x0000000084500000, 0x0000000084600000|  0%| F|  |TAMS 0x0000000084500000| PB 0x0000000084500000| Untracked |  0
|  42|0x0000000084600000, 0x0000000084600000, 0x0000000084700000|  0%| F|  |TAMS 0x0000000084600000| PB 0x0000000084600000| Untracked |  0
|  43|0x0000000084700000, 0x0000000084700000, 0x0000000084800000|  0%| F|  |TAMS 0x0000000084700000| PB 0x0000000084700000| Untracked |  0
|  44|0x0000000084800000, 0x0000000084800000, 0x0000000084900000|  0%| F|  |TAMS 0x0000000084800000| PB 0x0000000084800000| Untracked |  0
|  45|0x0000000084900000, 0x0000000084900000, 0x0000000084a00000|  0%| F|  |TAMS 0x0000000084900000| PB 0x0000000084900000| Untracked |  0
|  46|0x0000000084a00000, 0x0000000084a00000, 0x0000000084b00000|  0%| F|  |TAMS 0x0000000084a00000| PB 0x0000000084a00000| Untracked |  0
|  47|0x0000000084b00000, 0x0000000084b00000, 0x0000000084c00000|  0%| F|  |TAMS 0x0000000084b00000| PB 0x0000000084b00000| Untracked |  0
|  48|0x0000000084c00000, 0x0000000084c00000, 0x0000000084d00000|  0%| F|  |TAMS 0x0000000084c00000| PB 0x0000000084c00000| Untracked |  0
|  49|0x0000000084d00000, 0x0000000084d00000, 0x0000000084e00000|  0%| F|  |TAMS 0x0000000084d00000| PB 0x0000000084d00000| Untracked |  0
|  50|0x0000000084e00000, 0x0000000084e00000, 0x0000000084f00000|  0%| F|  |TAMS 0x0000000084e00000| PB 0x0000000084e00000| Untracked |  0
|  51|0x0000000084f00000, 0x0000000084f00000, 0x0000000085000000|  0%| F|  |TAMS 0x0000000084f00000| PB 0x0000000084f00000| Untracked |  0
|  52|0x0000000085000000, 0x0000000085000000, 0x0000000085100000|  0%| F|  |TAMS 0x0000000085000000| PB 0x0000000085000000| Untracked |  0
|  53|0x0000000085100000, 0x0000000085100000, 0x0000000085200000|  0%| F|  |TAMS 0x0000000085100000| PB 0x0000000085100000| Untracked |  0
|  54|0x0000000085200000, 0x0000000085200000, 0x0000000085300000|  0%| F|  |TAMS 0x0000000085200000| PB 0x0000000085200000| Untracked |  0
|  55|0x0000000085300000, 0x0000000085300000, 0x0000000085400000|  0%| F|  |TAMS 0x0000000085300000| PB 0x0000000085300000| Untracked |  0
|  56|0x0000000085400000, 0x0000000085400000, 0x0000000085500000|  0%| F|  |TAMS 0x0000000085400000| PB 0x0000000085400000| Untracked |  0
|  57|0x0000000085500000, 0x0000000085500000, 0x0000000085600000|  0%| F|  |TAMS 0x0000000085500000| PB 0x0000000085500000| Untracked |  0
|  58|0x0000000085600000, 0x0000000085600000, 0x0000000085700000|  0%| F|  |TAMS 0x0000000085600000| PB 0x0000000085600000| Untracked |  0
|  59|0x0000000085700000, 0x0000000085700000, 0x0000000085800000|  0%| F|  |TAMS 0x0000000085700000| PB 0x0000000085700000| Untracked |  0
|  60|0x0000000085800000, 0x0000000085800000, 0x0000000085900000|  0%| F|  |TAMS 0x0000000085800000| PB 0x0000000085800000| Untracked |  0
|  61|0x0000000085900000, 0x0000000085900000, 0x0000000085a00000|  0%| F|  |TAMS 0x0000000085900000| PB 0x0000000085900000| Untracked |  0
|  62|0x0000000085a00000, 0x0000000085a00000, 0x0000000085b00000|  0%| F|  |TAMS 0x0000000085a00000| PB 0x0000000085a00000| Untracked |  0
|  63|0x0000000085b00000, 0x0000000085b00000, 0x0000000085c00000|  0%| F|  |TAMS 0x0000000085b00000| PB 0x0000000085b00000| Untracked |  0
|  64|0x0000000085c00000, 0x0000000085c00000, 0x0000000085d00000|  0%| F|  |TAMS 0x0000000085c00000| PB 0x0000000085c00000| Untracked |  0
|  65|0x0000000085d00000, 0x0000000085d00000, 0x0000000085e00000|  0%| F|  |TAMS 0x0000000085d00000| PB 0x0000000085d00000| Untracked |  0
|  66|0x0000000085e00000, 0x0000000085e00000, 0x0000000085f00000|  0%| F|  |TAMS 0x0000000085e00000| PB 0x0000000085e00000| Untracked |  0
|  67|0x0000000085f00000, 0x0000000085f00000, 0x0000000086000000|  0%| F|  |TAMS 0x0000000085f00000| PB 0x0000000085f00000| Untracked |  0
|  68|0x0000000086000000, 0x0000000086000000, 0x0000000086100000|  0%| F|  |TAMS 0x0000000086000000| PB 0x0000000086000000| Untracked |  0
|  69|0x0000000086100000, 0x0000000086100000, 0x0000000086200000|  0%| F|  |TAMS 0x0000000086100000| PB 0x0000000086100000| Untracked |  0
|  70|0x0000000086200000, 0x0000000086200000, 0x0000000086300000|  0%| F|  |TAMS 0x0000000086200000| PB 0x0000000086200000| Untracked |  0
|  71|0x0000000086300000, 0x0000000086300000, 0x0000000086400000|  0%| F|  |TAMS 0x0000000086300000| PB 0x0000000086300000| Untracked |  0
|  72|0x0000000086400000, 0x0000000086400000, 0x0000000086500000|  0%| F|  |TAMS 0x0000000086400000| PB 0x0000000086400000| Untracked |  0
|  73|0x0000000086500000, 0x0000000086500000, 0x0000000086600000|  0%| F|  |TAMS 0x0000000086500000| PB 0x0000000086500000| Untracked |  0
|  74|0x0000000086600000, 0x0000000086600000, 0x0000000086700000|  0%| F|  |TAMS 0x0000000086600000| PB 0x0000000086600000| Untracked |  0
|  75|0x0000000086700000, 0x0000000086700000, 0x0000000086800000|  0%| F|  |TAMS 0x0000000086700000| PB 0x0000000086700000| Untracked |  0
|  76|0x0000000086800000, 0x0000000086800000, 0x0000000086900000|  0%| F|  |TAMS 0x0000000086800000| PB 0x0000000086800000| Untracked |  0
|  77|0x0000000086900000, 0x0000000086900000, 0x0000000086a00000|  0%| F|  |TAMS 0x0000000086900000| PB 0x0000000086900000| Untracked |  0
|  78|0x0000000086a00000, 0x0000000086a00000, 0x0000000086b00000|  0%| F|  |TAMS 0x0000000086a00000| PB 0x0000000086a00000| Untracked |  0
|  79|0x0000000086b00000, 0x0000000086b00000, 0x0000000086c00000|  0%| F|  |TAMS 0x0000000086b00000| PB 0x0000000086b00000| Untracked |  0
|  80|0x0000000086c00000, 0x0000000086c00000, 0x0000000086d00000|  0%| F|  |TAMS 0x0000000086c00000| PB 0x0000000086c00000| Untracked |  0
|  81|0x0000000086d00000, 0x0000000086d00000, 0x0000000086e00000|  0%| F|  |TAMS 0x0000000086d00000| PB 0x0000000086d00000| Untracked |  0
|  82|0x0000000086e00000, 0x0000000086e00000, 0x0000000086f00000|  0%| F|  |TAMS 0x0000000086e00000| PB 0x0000000086e00000| Untracked |  0
|  83|0x0000000086f00000, 0x0000000086f00000, 0x0000000087000000|  0%| F|  |TAMS 0x0000000086f00000| PB 0x0000000086f00000| Untracked |  0
|  84|0x0000000087000000, 0x0000000087000000, 0x0000000087100000|  0%| F|  |TAMS 0x0000000087000000| PB 0x0000000087000000| Untracked |  0
|  85|0x0000000087100000, 0x0000000087100000, 0x0000000087200000|  0%| F|  |TAMS 0x0000000087100000| PB 0x0000000087100000| Untracked |  0
|  86|0x0000000087200000, 0x0000000087200000, 0x0000000087300000|  0%| F|  |TAMS 0x0000000087200000| PB 0x0000000087200000| Untracked |  0
|  87|0x0000000087300000, 0x0000000087300000, 0x0000000087400000|  0%| F|  |TAMS 0x0000000087300000| PB 0x0000000087300000| Untracked |  0
|  88|0x0000000087400000, 0x0000000087400000, 0x0000000087500000|  0%| F|  |TAMS 0x0000000087400000| PB 0x0000000087400000| Untracked |  0
|  89|0x0000000087500000, 0x0000000087500000, 0x0000000087600000|  0%| F|  |TAMS 0x0000000087500000| PB 0x0000000087500000| Untracked |  0
|  90|0x0000000087600000, 0x0000000087600000, 0x0000000087700000|  0%| F|  |TAMS 0x0000000087600000| PB 0x0000000087600000| Untracked |  0
|  91|0x0000000087700000, 0x0000000087700000, 0x0000000087800000|  0%| F|  |TAMS 0x0000000087700000| PB 0x0000000087700000| Untracked |  0
|  92|0x0000000087800000, 0x0000000087800000, 0x0000000087900000|  0%| F|  |TAMS 0x0000000087800000| PB 0x0000000087800000| Untracked |  0
|  93|0x0000000087900000, 0x0000000087900000, 0x0000000087a00000|  0%| F|  |TAMS 0x0000000087900000| PB 0x0000000087900000| Untracked |  0
|  94|0x0000000087a00000, 0x0000000087a00000, 0x0000000087b00000|  0%| F|  |TAMS 0x0000000087a00000| PB 0x0000000087a00000| Untracked |  0
|  95|0x0000000087b00000, 0x0000000087b00000, 0x0000000087c00000|  0%| F|  |TAMS 0x0000000087b00000| PB 0x0000000087b00000| Untracked |  0
|  96|0x0000000087c00000, 0x0000000087c00000, 0x0000000087d00000|  0%| F|  |TAMS 0x0000000087c00000| PB 0x0000000087c00000| Untracked |  0
|  97|0x0000000087d00000, 0x0000000087d00000, 0x0000000087e00000|  0%| F|  |TAMS 0x0000000087d00000| PB 0x0000000087d00000| Untracked |  0
|  98|0x0000000087e00000, 0x0000000087e00000, 0x0000000087f00000|  0%| F|  |TAMS 0x0000000087e00000| PB 0x0000000087e00000| Untracked |  0
|  99|0x0000000087f00000, 0x0000000087f00000, 0x0000000088000000|  0%| F|  |TAMS 0x0000000087f00000| PB 0x0000000087f00000| Untracked |  0
| 100|0x0000000088000000, 0x0000000088000000, 0x0000000088100000|  0%| F|  |TAMS 0x0000000088000000| PB 0x0000000088000000| Untracked |  0
| 101|0x0000000088100000, 0x0000000088100000, 0x0000000088200000|  0%| F|  |TAMS 0x0000000088100000| PB 0x0000000088100000| Untracked |  0
| 102|0x0000000088200000, 0x0000000088200000, 0x0000000088300000|  0%| F|  |TAMS 0x0000000088200000| PB 0x0000000088200000| Untracked |  0
| 103|0x0000000088300000, 0x0000000088300000, 0x0000000088400000|  0%| F|  |TAMS 0x0000000088300000| PB 0x0000000088300000| Untracked |  0
| 104|0x0000000088400000, 0x0000000088400000, 0x0000000088500000|  0%| F|  |TAMS 0x0000000088400000| PB 0x0000000088400000| Untracked |  0
| 105|0x0000000088500000, 0x0000000088500000, 0x0000000088600000|  0%| F|  |TAMS 0x0000000088500000| PB 0x0000000088500000| Untracked |  0
| 106|0x0000000088600000, 0x0000000088600000, 0x0000000088700000|  0%| F|  |TAMS 0x0000000088600000| PB 0x0000000088600000| Untracked |  0
| 107|0x0000000088700000, 0x000000008877aee0, 0x0000000088800000| 48%| E|  |TAMS 0x0000000088700000| PB 0x0000000088700000| Complete |  0
| 108|0x0000000088800000, 0x0000000088900000, 0x0000000088900000|100%| E|CS|TAMS 0x0000000088800000| PB 0x0000000088800000| Complete |  0
| 109|0x0000000088900000, 0x0000000088a00000, 0x0000000088a00000|100%| E|CS|TAMS 0x0000000088900000| PB 0x0000000088900000| Complete |  0
| 110|0x0000000088a00000, 0x0000000088b00000, 0x0000000088b00000|100%| E|CS|TAMS 0x0000000088a00000| PB 0x0000000088a00000| Complete |  0
| 111|0x0000000088b00000, 0x0000000088c00000, 0x0000000088c00000|100%| E|CS|TAMS 0x0000000088b00000| PB 0x0000000088b00000| Complete |  0
| 112|0x0000000088c00000, 0x0000000088d00000, 0x0000000088d00000|100%| E|CS|TAMS 0x0000000088c00000| PB 0x0000000088c00000| Complete |  0
| 113|0x0000000088d00000, 0x0000000088e00000, 0x0000000088e00000|100%| E|CS|TAMS 0x0000000088d00000| PB 0x0000000088d00000| Complete |  0
| 114|0x0000000088e00000, 0x0000000088f00000, 0x0000000088f00000|100%| E|CS|TAMS 0x0000000088e00000| PB 0x0000000088e00000| Complete |  0
| 115|0x0000000088f00000, 0x0000000089000000, 0x0000000089000000|100%| E|CS|TAMS 0x0000000088f00000| PB 0x0000000088f00000| Complete |  0
| 116|0x0000000089000000, 0x0000000089100000, 0x0000000089100000|100%| E|CS|TAMS 0x0000000089000000| PB 0x0000000089000000| Complete |  0
| 117|0x0000000089100000, 0x0000000089200000, 0x0000000089200000|100%| E|CS|TAMS 0x0000000089100000| PB 0x0000000089100000| Complete |  0
| 118|0x0000000089200000, 0x0000000089300000, 0x0000000089300000|100%| E|CS|TAMS 0x0000000089200000| PB 0x0000000089200000| Complete |  0
| 119|0x0000000089300000, 0x0000000089400000, 0x0000000089400000|100%| E|CS|TAMS 0x0000000089300000| PB 0x0000000089300000| Complete |  0
| 120|0x0000000089400000, 0x0000000089500000, 0x0000000089500000|100%| E|CS|TAMS 0x0000000089400000| PB 0x0000000089400000| Complete |  0
| 121|0x0000000089500000, 0x0000000089600000, 0x0000000089600000|100%| E|CS|TAMS 0x0000000089500000| PB 0x0000000089500000| Complete |  0
| 122|0x0000000089600000, 0x0000000089700000, 0x0000000089700000|100%| E|CS|TAMS 0x0000000089600000| PB 0x0000000089600000| Complete |  0
| 123|0x0000000089700000, 0x0000000089800000, 0x0000000089800000|100%| E|CS|TAMS 0x0000000089700000| PB 0x0000000089700000| Complete |  0
| 124|0x0000000089800000, 0x0000000089900000, 0x0000000089900000|100%| E|CS|TAMS 0x0000000089800000| PB 0x0000000089800000| Complete |  0
| 125|0x0000000089900000, 0x0000000089a00000, 0x0000000089a00000|100%| E|CS|TAMS 0x0000000089900000| PB 0x0000000089900000| Complete |  0
| 126|0x0000000089a00000, 0x0000000089b00000, 0x0000000089b00000|100%| E|CS|TAMS 0x0000000089a00000| PB 0x0000000089a00000| Complete |  0
| 127|0x0000000089b00000, 0x0000000089c00000, 0x0000000089c00000|100%| E|CS|TAMS 0x0000000089b00000| PB 0x0000000089b00000| Complete |  0

Card table byte_map: [0x0000019337180000,0x0000019337580000] _byte_map_base: 0x0000019336d72000

Marking Bits: (CMBitMap*) 0x000001931f383620
 Bits: [0x0000019337580000, 0x0000019339510000)

Polling page: 0x000001931eae0000

Metaspace:

Usage:
  Non-class:      7.35 MB used.
      Class:    946.45 KB used.
       Both:      8.27 MB used.

Virtual space:
  Non-class space:       64.00 MB reserved,       7.50 MB ( 12%) committed,  1 nodes.
      Class space:        1.00 GB reserved,       1.00 MB ( <1%) committed,  1 nodes.
             Both:        1.06 GB reserved,       8.50 MB ( <1%) committed. 

Chunk freelists:
   Non-Class:  8.48 MB
       Class:  15.01 MB
        Both:  23.49 MB

MaxMetaspaceSize: unlimited
CompressedClassSpaceSize: 1.00 GB
Initial GC threshold: 21.00 MB
Current GC threshold: 21.00 MB
CDS: on
 - commit_granule_bytes: 65536.
 - commit_granule_words: 8192.
 - virtual_space_node_default_size: 8388608.
 - enlarge_chunks_in_place: 1.
 - use_allocation_guard: 0.


Internal statistics:

num_allocs_failed_limit: 0.
num_arena_births: 150.
num_arena_deaths: 0.
num_vsnodes_births: 2.
num_vsnodes_deaths: 0.
num_space_committed: 136.
num_space_uncommitted: 0.
num_chunks_returned_to_freelist: 0.
num_chunks_taken_from_freelist: 194.
num_chunk_merges: 0.
num_chunk_splits: 112.
num_chunks_enlarged: 41.
num_inconsistent_stats: 0.

CodeHeap 'non-profiled nmethods': size=120064Kb used=350Kb max_used=350Kb free=119713Kb
 bounds [0x000001932f510000, 0x000001932f780000, 0x0000019336a50000]
CodeHeap 'profiled nmethods': size=120000Kb used=1637Kb max_used=1637Kb free=118362Kb
 bounds [0x0000019327a50000, 0x0000019327cc0000, 0x000001932ef80000]
CodeHeap 'non-nmethods': size=5696Kb used=1551Kb max_used=1566Kb free=4144Kb
 bounds [0x000001932ef80000, 0x000001932f1f0000, 0x000001932f510000]
CodeCache: size=245760Kb, used=3538Kb, max_used=3553Kb, free=242219Kb
 total_blobs=1996, nmethods=1363, adapters=539, full_count=0
Compilation: enabled, stopped_count=0, restarted_count=0

Compilation events (20 events):
Event: 7.873 Thread 0x000001933bf94f50 nmethod 1352 0x000001932f567288 code [0x000001932f5673a0, 0x000001932f567468]
Event: 7.897 Thread 0x000001933bf94f50 1355       3       java.awt.EventQueue::uncacheEQItem (53 bytes)
Event: 7.897 Thread 0x000001933bf94f50 nmethod 1355 0x0000019327be7408 code [0x0000019327be7560, 0x0000019327be7bd0]
Event: 8.039 Thread 0x000001933bf94f50 1356       3       java.util.concurrent.locks.AbstractQueuedSynchronizer$Node::getAndUnsetStatus (14 bytes)
Event: 8.040 Thread 0x000001933bf94f50 nmethod 1356 0x0000019327be7c08 code [0x0000019327be7d40, 0x0000019327be8010]
Event: 8.040 Thread 0x000001933bf94f50 1357       3       jdk.internal.misc.Unsafe::getAndBitwiseAndInt (27 bytes)
Event: 8.040 Thread 0x000001933bf94f50 nmethod 1357 0x0000019327be8088 code [0x0000019327be81c0, 0x0000019327be83e8]
Event: 8.839 Thread 0x000001933bf94f50 1358       1       javax.swing.RepaintManager::isDoubleBufferingEnabled (5 bytes)
Event: 8.839 Thread 0x000001933bf94f50 nmethod 1358 0x000001932f567588 code [0x000001932f5676a0, 0x000001932f567770]
Event: 8.839 Thread 0x000001933bf94f50 1359       3       java.awt.Component::getGraphicsConfiguration (5 bytes)
Event: 8.840 Thread 0x000001933bf94f50 nmethod 1359 0x0000019327be8408 code [0x0000019327be8520, 0x0000019327be8640]
Event: 8.840 Thread 0x000001933bf94f50 1360       3       java.awt.geom.AffineTransform::getScaleInstance (19 bytes)
Event: 8.840 Thread 0x000001933bf94f50 nmethod 1360 0x0000019327be8708 code [0x0000019327be8840, 0x0000019327be8a38]
Event: 8.840 Thread 0x000001933bf94f50 1361       3       java.awt.geom.AffineTransform::setToScale (66 bytes)
Event: 8.841 Thread 0x000001933bf94f50 nmethod 1361 0x0000019327be8a88 code [0x0000019327be8be0, 0x0000019327be8e20]
Event: 423.151 Thread 0x000001933bf94f50 1362       3       java.lang.invoke.Invokers$Holder::linkToTargetMethod (9 bytes)
Event: 423.152 Thread 0x000001933bf94f50 nmethod 1362 0x0000019327be8e88 code [0x0000019327be8fc0, 0x0000019327be9378]
Event: 423.152 Thread 0x000001933bf94f50 1363       3       java.lang.StringConcatHelper::initialCoder (14 bytes)
Event: 423.152 Thread 0x000001933bf94f50 nmethod 1363 0x0000019327be9388 code [0x0000019327be94a0, 0x0000019327be95b0]
Event: 423.154 Thread 0x000001933bf94f50 1364       3       java.lang.StringConcatHelper::simpleConcat (94 bytes)

GC Heap History (0 events):
No events

Dll operation events (10 events):
Event: 0.009 Loaded shared library C:\Program Files\Java\jdk-23\bin\java.dll
Event: 0.040 Loaded shared library C:\Program Files\Java\jdk-23\bin\jsvml.dll
Event: 0.071 Loaded shared library C:\Program Files\Java\jdk-23\bin\net.dll
Event: 0.073 Loaded shared library C:\Program Files\Java\jdk-23\bin\nio.dll
Event: 0.103 Loaded shared library C:\Program Files\Java\jdk-23\bin\jimage.dll
Event: 0.118 Loaded shared library C:\Program Files\Java\jdk-23\bin\awt.dll
Event: 0.315 Loaded shared library C:\Program Files\Java\jdk-23\bin\zip.dll
Event: 0.365 Loaded shared library C:\Program Files\Java\jdk-23\bin\javajpeg.dll
Event: 0.475 Loaded shared library C:\Program Files\Java\jdk-23\bin\freetype.dll
Event: 0.476 Loaded shared library C:\Program Files\Java\jdk-23\bin\fontmanager.dll

Deoptimization events (20 events):
Event: 0.717 Thread 0x000001937d3e2570 Uncommon trap: trap_request=0xffffffc6 fr.pc=0x000001932f54501c relative=0x000000000000033c
Event: 0.717 Thread 0x000001937d3e2570 Uncommon trap: reason=bimorphic_or_optimized_type_check action=maybe_recompile pc=0x000001932f54501c method=java.util.HashMap.getNode(Ljava/lang/Object;)Ljava/util/HashMap$Node; @ 63 c2
Event: 0.717 Thread 0x000001937d3e2570 DEOPT PACKING pc=0x000001932f54501c sp=0x00000072ea2fd270
Event: 0.717 Thread 0x000001937d3e2570 DEOPT UNPACKING pc=0x000001932efd4402 sp=0x00000072ea2fd1d8 mode 2
Event: 0.729 Thread 0x000001937d3e2570 Uncommon trap: trap_request=0xffffff45 fr.pc=0x000001932f552464 relative=0x0000000000000064
Event: 0.729 Thread 0x000001937d3e2570 Uncommon trap: reason=unstable_if action=reinterpret pc=0x000001932f552464 method=java.lang.CharacterDataLatin1.toLowerCase(I)I @ 16 c2
Event: 0.729 Thread 0x000001937d3e2570 DEOPT PACKING pc=0x000001932f552464 sp=0x00000072ea2fc550
Event: 0.729 Thread 0x000001937d3e2570 DEOPT UNPACKING pc=0x000001932efd4402 sp=0x00000072ea2fc4d0 mode 2
Event: 0.914 Thread 0x000001937d3e2570 Uncommon trap: trap_request=0xffffff45 fr.pc=0x000001932f51c554 relative=0x0000000000000294
Event: 0.914 Thread 0x000001937d3e2570 Uncommon trap: reason=unstable_if action=reinterpret pc=0x000001932f51c554 method=java.lang.String.isLatin1()Z @ 10 c2
Event: 0.915 Thread 0x000001937d3e2570 DEOPT PACKING pc=0x000001932f51c554 sp=0x00000072ea2fcbb0
Event: 0.915 Thread 0x000001937d3e2570 DEOPT UNPACKING pc=0x000001932efd4402 sp=0x00000072ea2fcae0 mode 2
Event: 0.957 Thread 0x000001937d3e2570 Uncommon trap: trap_request=0xffffff45 fr.pc=0x000001932f55af20 relative=0x0000000000000440
Event: 0.957 Thread 0x000001937d3e2570 Uncommon trap: reason=unstable_if action=reinterpret pc=0x000001932f55af20 method=java.lang.Character.isSurrogate(C)Z @ 3 c2
Event: 0.957 Thread 0x000001937d3e2570 DEOPT PACKING pc=0x000001932f55af20 sp=0x00000072ea2fc860
Event: 0.957 Thread 0x000001937d3e2570 DEOPT UNPACKING pc=0x000001932efd4402 sp=0x00000072ea2fc778 mode 2
Event: 1.017 Thread 0x000001937d3e2570 Uncommon trap: trap_request=0xffffff45 fr.pc=0x000001932f554130 relative=0x0000000000000470
Event: 1.017 Thread 0x000001937d3e2570 Uncommon trap: reason=unstable_if action=reinterpret pc=0x000001932f554130 method=java.lang.StringLatin1.toLowerCase(Ljava/lang/String;[BLjava/util/Locale;)Ljava/lang/String; @ 37 c2
Event: 1.017 Thread 0x000001937d3e2570 DEOPT PACKING pc=0x000001932f554130 sp=0x00000072ea2fcd70
Event: 1.017 Thread 0x000001937d3e2570 DEOPT UNPACKING pc=0x000001932efd4402 sp=0x00000072ea2fcce0 mode 2

Classes loaded (20 events):
Event: 1.199 Loading class javax/swing/TimerQueue
Event: 1.199 Loading class javax/swing/TimerQueue done
Event: 1.200 Loading class java/util/concurrent/DelayQueue
Event: 1.200 Loading class java/util/concurrent/BlockingQueue
Event: 1.200 Loading class java/util/concurrent/BlockingQueue done
Event: 1.200 Loading class java/util/concurrent/DelayQueue done
Event: 1.201 Loading class java/util/PriorityQueue
Event: 1.201 Loading class java/util/PriorityQueue done
Event: 1.204 Loading class javax/swing/TimerQueue$DelayedTimer
Event: 1.204 Loading class java/util/concurrent/Delayed
Event: 1.204 Loading class java/util/concurrent/Delayed done
Event: 1.204 Loading class javax/swing/TimerQueue$DelayedTimer done
Event: 1.708 Loading class javax/swing/Timer$1
Event: 1.708 Loading class javax/swing/Timer$1 done
Event: 8.225 Loading class java/awt/LightweightDispatcher$2
Event: 8.226 Loading class java/awt/LightweightDispatcher$2 done
Event: 8.983 Loading class java/awt/KeyboardFocusManager$2
Event: 8.983 Loading class java/awt/KeyboardFocusManager$2 done
Event: 8.984 Loading class sun/awt/SunToolkit$1
Event: 8.985 Loading class sun/awt/SunToolkit$1 done

Classes unloaded (0 events):
No events

Classes redefined (0 events):
No events

Internal exceptions (14 events):
Event: 0.074 Thread 0x000001931d07a6f0 Exception <a 'sun/nio/fs/WindowsException'{0x0000000089a4b5a0}> (0x0000000089a4b5a0) 
thrown [s\open\src\hotspot\share\prims\jni.cpp, line 520]
Event: 0.077 Thread 0x000001931d07a6f0 Exception <a 'sun/nio/fs/WindowsException'{0x0000000089a4dce0}> (0x0000000089a4dce0) 
thrown [s\open\src\hotspot\share\prims\jni.cpp, line 520]
Event: 0.078 Thread 0x000001931d07a6f0 Exception <a 'sun/nio/fs/WindowsException'{0x0000000089a4e850}> (0x0000000089a4e850) 
thrown [s\open\src\hotspot\share\prims\jni.cpp, line 520]
Event: 0.111 Thread 0x000001931d07a6f0 Exception <a 'java/lang/ClassNotFoundException'{0x00000000899700a0}: sun/awt/resources/spi/awtProvider> (0x00000000899700a0) 
thrown [s\open\src\hotspot\share\classfile\systemDictionary.cpp, line 313]
Event: 0.130 Thread 0x000001931d07a6f0 Exception <a 'java/io/FileNotFoundException'{0x00000000899c3f40}> (0x00000000899c3f40) 
thrown [s\open\src\hotspot\share\prims\jni.cpp, line 520]
Event: 0.136 Thread 0x000001931d07a6f0 Exception <a 'java/io/FileNotFoundException'{0x00000000899f22f0}> (0x00000000899f22f0) 
thrown [s\open\src\hotspot\share\prims\jni.cpp, line 520]
Event: 0.220 Thread 0x000001931d07a6f0 Exception <a 'java/lang/NoSuchMethodError'{0x0000000089711fd0}: 'void java.lang.invoke.DirectMethodHandle$Holder.invokeSpecial(java.lang.Object, java.lang.Object, java.lang.Object)'> (0x0000000089711fd0) 
thrown [s\open\src\hotspot\share\interpreter\linkResolver.cpp, line 796]
Event: 0.232 Thread 0x000001931d07a6f0 Exception <a 'java/lang/NoSuchMethodError'{0x0000000089761720}: 'java.lang.Object java.lang.invoke.DirectMethodHandle$Holder.invokeStatic(java.lang.Object, int, java.lang.Object)'> (0x0000000089761720) 
thrown [s\open\src\hotspot\share\interpreter\linkResolver.cpp, line 796]
Event: 0.251 Thread 0x000001931d07a6f0 Exception <a 'java/lang/ClassNotFoundException'{0x0000000089608928}: com/sun/swing/internal/plaf/metal/resources/spi/metalProvider> (0x0000000089608928) 
thrown [s\open\src\hotspot\share\classfile\systemDictionary.cpp, line 313]
Event: 0.252 Thread 0x000001931d07a6f0 Exception <a 'java/lang/ClassNotFoundException'{0x000000008960c938}: com/sun/swing/internal/plaf/basic/resources/spi/basicProvider> (0x000000008960c938) 
thrown [s\open\src\hotspot\share\classfile\systemDictionary.cpp, line 313]
Event: 0.262 Thread 0x000001931d07a6f0 Exception <a 'java/lang/NoSuchMethodError'{0x000000008962c370}: 'int java.lang.invoke.Invokers$Holder.invokeExact_MT(java.lang.Object, java.lang.Object)'> (0x000000008962c370) 
thrown [s\open\src\hotspot\share\interpreter\linkResolver.cpp, line 796]
Event: 0.367 Thread 0x000001937d3c24b0 Exception <a 'java/lang/NoSuchMethodError'{0x00000000894219a8}: 'java.lang.Object java.lang.invoke.DirectMethodHandle$Holder.newInvokeSpecial(java.lang.Object, java.lang.Object, java.lang.Object, int, int, int, int, int)'> (0x00000000894219a8) 
thrown [s\open\src\hotspot\share\interpreter\linkResolver.cpp, line 796]
Event: 0.448 Thread 0x000001937d3530a0 Exception <a 'java/lang/NoSuchMethodError'{0x0000000088e80130}: 'void java.lang.invoke.DirectMethodHandle$Holder.invokeVirtual(java.lang.Object, java.lang.Object)'> (0x0000000088e80130) 
thrown [s\open\src\hotspot\share\interpreter\linkResolver.cpp, line 796]
Event: 0.469 Thread 0x000001931d07a6f0 Exception <a 'java/lang/NoSuchMethodError'{0x0000000088d05f58}: 'void java.lang.invoke.DirectMethodHandle$Holder.invokeStaticInit(java.lang.Object)'> (0x0000000088d05f58) 
thrown [s\open\src\hotspot\share\interpreter\linkResolver.cpp, line 796]

VM Operations (16 events):
Event: 0.079 Executing VM operation: HandshakeAllThreads (Deoptimize)
Event: 0.079 Executing VM operation: HandshakeAllThreads (Deoptimize) done
Event: 0.145 Executing VM operation: HandshakeAllThreads (Deoptimize)
Event: 0.145 Executing VM operation: HandshakeAllThreads (Deoptimize) done
Event: 0.280 Executing VM operation: HandshakeAllThreads (Deoptimize)
Event: 0.280 Executing VM operation: HandshakeAllThreads (Deoptimize) done
Event: 0.348 Executing VM operation: HandshakeAllThreads (Deoptimize)
Event: 0.348 Executing VM operation: HandshakeAllThreads (Deoptimize) done
Event: 0.404 Executing VM operation: HandshakeAllThreads (Deoptimize)
Event: 0.404 Executing VM operation: HandshakeAllThreads (Deoptimize) done
Event: 0.547 Executing VM operation: HandshakeAllThreads (Deoptimize)
Event: 0.547 Executing VM operation: HandshakeAllThreads (Deoptimize) done
Event: 60.140 Executing VM operation: HandshakeAllThreads (HandshakeForDeflation)
Event: 60.140 Executing VM operation: HandshakeAllThreads (HandshakeForDeflation) done
Event: 60.140 Executing VM operation: RendezvousGCThreads
Event: 60.140 Executing VM operation: RendezvousGCThreads done

Memory protections (0 events):
No events

Nmethod flushes (0 events):
No events

Events (20 events):
Event: 0.037 Thread 0x000001931d07a6f0 Thread added: 0x000001933bf7fb00
Event: 0.038 Thread 0x000001931d07a6f0 Thread added: 0x000001933bf85a00
Event: 0.038 Thread 0x000001931d07a6f0 Thread added: 0x000001933bf86a10
Event: 0.038 Thread 0x000001931d07a6f0 Thread added: 0x000001933bf87470
Event: 0.038 Thread 0x000001931d07a6f0 Thread added: 0x000001933bf87ed0
Event: 0.038 Thread 0x000001931d07a6f0 Thread added: 0x000001933bf8b540
Event: 0.038 Thread 0x000001931d07a6f0 Thread added: 0x000001933bf94f50
Event: 0.060 Thread 0x000001931d07a6f0 Thread added: 0x000001937d120800
Event: 0.089 Thread 0x000001931d07a6f0 Thread added: 0x000001937d1f8df0
Event: 0.185 Thread 0x000001931d07a6f0 Thread added: 0x000001937d3446a0
Event: 0.186 Thread 0x000001931d07a6f0 Thread added: 0x000001937d34c820
Event: 0.188 Thread 0x000001931d07a6f0 Thread added: 0x000001937d3530a0
Event: 0.295 Thread 0x000001931d07a6f0 Thread added: 0x000001937d3c24b0
Event: 0.329 Thread 0x000001933bf94f50 Thread added: 0x000001937d26b180
Event: 0.447 Thread 0x000001937d3530a0 Thread added: 0x000001937d3e2570
Event: 0.607 Thread 0x000001937d26b180 Thread exited: 0x000001937d26b180
Event: 0.690 Thread 0x000001931d07a6f0 Thread exited: 0x000001931d07a6f0
Event: 0.690 Thread 0x000001931d07a6f0 Thread added: 0x000001931d07a6f0
Event: 1.204 Thread 0x000001937d3e2570 Thread added: 0x000001937eaa6870
Event: 5.432 Thread 0x000001937d3c24b0 Thread exited: 0x000001937d3c24b0


Dynamic libraries:
0x00007ff70bf80000 - 0x00007ff70bf90000 	C:\Program Files\Java\jdk-23\bin\java.exe
0x00007ffa0fdf0000 - 0x00007ffa10007000 	C:\WINDOWS\SYSTEM32\ntdll.dll
0x00007ffa0e1d0000 - 0x00007ffa0e294000 	C:\WINDOWS\System32\KERNEL32.DLL
0x00007ffa0cf30000 - 0x00007ffa0d303000 	C:\WINDOWS\System32\KERNELBASE.dll
0x00007ffa08550000 - 0x00007ffa085e7000 	C:\WINDOWS\SYSTEM32\apphelp.dll
0x00007ffa0d8d0000 - 0x00007ffa0d9e1000 	C:\WINDOWS\System32\ucrtbase.dll
0x00007ff9f3330000 - 0x00007ff9f334b000 	C:\Program Files\Java\jdk-23\bin\VCRUNTIME140.dll
0x00007ff9f5f00000 - 0x00007ff9f5f17000 	C:\Program Files\Java\jdk-23\bin\jli.dll
0x00007ffa0e850000 - 0x00007ffa0ea01000 	C:\WINDOWS\System32\USER32.dll
0x00007ffa0cf00000 - 0x00007ffa0cf26000 	C:\WINDOWS\System32\win32u.dll
0x00007ff9dcf40000 - 0x00007ff9dd1d8000 	C:\WINDOWS\WinSxS\amd64_microsoft.windows.common-controls_6595b64144ccf1df_6.0.22621.5124_none_270e8f4f7386d69d\COMCTL32.dll
0x00007ffa0f130000 - 0x00007ffa0f159000 	C:\WINDOWS\System32\GDI32.dll
0x00007ffa0ebe0000 - 0x00007ffa0ec87000 	C:\WINDOWS\System32\msvcrt.dll
0x00007ffa0d3d0000 - 0x00007ffa0d4eb000 	C:\WINDOWS\System32\gdi32full.dll
0x00007ffa0d9f0000 - 0x00007ffa0da8a000 	C:\WINDOWS\System32\msvcp_win.dll
0x00007ffa0eaa0000 - 0x00007ffa0ead1000 	C:\WINDOWS\System32\IMM32.DLL
0x00007ffa064f0000 - 0x00007ffa064fc000 	C:\Program Files\Java\jdk-23\bin\vcruntime140_1.dll
0x00007ff9c33e0000 - 0x00007ff9c346e000 	C:\Program Files\Java\jdk-23\bin\msvcp140.dll
0x00007ff9817b0000 - 0x00007ff9824ff000 	C:\Program Files\Java\jdk-23\bin\server\jvm.dll
0x00007ffa0f160000 - 0x00007ffa0f211000 	C:\WINDOWS\System32\ADVAPI32.dll
0x00007ffa0eae0000 - 0x00007ffa0eb88000 	C:\WINDOWS\System32\sechost.dll
0x00007ffa0d8a0000 - 0x00007ffa0d8c8000 	C:\WINDOWS\System32\bcrypt.dll
0x00007ffa0f3e0000 - 0x00007ffa0f4f4000 	C:\WINDOWS\System32\RPCRT4.dll
0x00007ffa0e150000 - 0x00007ffa0e1c1000 	C:\WINDOWS\System32\WS2_32.dll
0x00007ffa0cdd0000 - 0x00007ffa0ce1d000 	C:\WINDOWS\SYSTEM32\POWRPROF.dll
0x00007ffa08d10000 - 0x00007ffa08d1a000 	C:\WINDOWS\SYSTEM32\VERSION.dll
0x00007ffa08610000 - 0x00007ffa08644000 	C:\WINDOWS\SYSTEM32\WINMM.dll
0x00007ffa0cdb0000 - 0x00007ffa0cdc3000 	C:\WINDOWS\SYSTEM32\UMPDC.dll
0x00007ffa0bef0000 - 0x00007ffa0bf08000 	C:\WINDOWS\SYSTEM32\kernel.appcore.dll
0x00007ffa045a0000 - 0x00007ffa045aa000 	C:\Program Files\Java\jdk-23\bin\jimage.dll
0x00007ffa0a9a0000 - 0x00007ffa0abd2000 	C:\WINDOWS\SYSTEM32\DBGHELP.DLL
0x00007ffa0e2c0000 - 0x00007ffa0e652000 	C:\WINDOWS\System32\combase.dll
0x00007ffa0e660000 - 0x00007ffa0e737000 	C:\WINDOWS\System32\OLEAUT32.dll
0x00007ffa060e0000 - 0x00007ffa06112000 	C:\WINDOWS\SYSTEM32\dbgcore.DLL
0x00007ffa0d820000 - 0x00007ffa0d89b000 	C:\WINDOWS\System32\bcryptPrimitives.dll
0x00007ff9e8330000 - 0x00007ff9e834e000 	C:\Program Files\Java\jdk-23\bin\java.dll
0x00007ffa0df20000 - 0x00007ffa0e0c1000 	C:\WINDOWS\System32\ole32.dll
0x00007ffa0f500000 - 0x00007ffa0fd96000 	C:\WINDOWS\System32\SHELL32.dll
0x00007ffa0d4f0000 - 0x00007ffa0d62f000 	C:\WINDOWS\System32\wintypes.dll
0x00007ffa0add0000 - 0x00007ffa0b6ea000 	C:\WINDOWS\SYSTEM32\windows.storage.dll
0x00007ffa0da90000 - 0x00007ffa0db9a000 	C:\WINDOWS\System32\SHCORE.dll
0x00007ffa0deb0000 - 0x00007ffa0df13000 	C:\WINDOWS\System32\shlwapi.dll
0x00007ffa0ce30000 - 0x00007ffa0ce5b000 	C:\WINDOWS\SYSTEM32\profapi.dll
0x00007ff9c5350000 - 0x00007ff9c5427000 	C:\Program Files\Java\jdk-23\bin\jsvml.dll
0x00007ffa044e0000 - 0x00007ffa044f0000 	C:\Program Files\Java\jdk-23\bin\net.dll
0x00007ffa0c370000 - 0x00007ffa0c3da000 	C:\WINDOWS\system32\mswsock.dll
0x00007ff9e5270000 - 0x00007ff9e5286000 	C:\Program Files\Java\jdk-23\bin\nio.dll
0x00007ff9b5ef0000 - 0x00007ff9b607e000 	C:\Program Files\Java\jdk-23\bin\awt.dll
0x00007ffa0a420000 - 0x00007ffa0a44e000 	C:\WINDOWS\system32\DWMAPI.DLL
0x00007ffa0a1b0000 - 0x00007ffa0a263000 	C:\WINDOWS\system32\uxtheme.dll
0x00007ff9d66a0000 - 0x00007ff9d67a0000 	C:\WINDOWS\system32\opengl32.dll
0x00007ff9d6630000 - 0x00007ff9d665d000 	C:\WINDOWS\SYSTEM32\GLU32.dll
0x00007ffa0a2c0000 - 0x00007ffa0a2f7000 	C:\WINDOWS\SYSTEM32\dxcore.dll
0x00007ffa0dc00000 - 0x00007ffa0dd60000 	C:\WINDOWS\System32\MSCTF.dll
0x00007ff9e45a0000 - 0x00007ff9e45b7000 	C:\Program Files\Java\jdk-23\bin\zip.dll
0x00007ff9d6920000 - 0x00007ff9d694e000 	C:\Program Files\Java\jdk-23\bin\javajpeg.dll
0x00007ff9c3140000 - 0x00007ff9c31c7000 	C:\Program Files\Java\jdk-23\bin\freetype.dll
0x00007ff9b8a80000 - 0x00007ff9b8b57000 	C:\Program Files\Java\jdk-23\bin\fontmanager.dll
0x00007ffa0ddd0000 - 0x00007ffa0de80000 	C:\WINDOWS\System32\clbcatq.dll
0x00007ffa09fb0000 - 0x00007ffa0a160000 	C:\WINDOWS\SYSTEM32\WindowsCodecs.dll
0x00007ff9e0bf0000 - 0x00007ff9e0c4e000 	C:\WINDOWS\system32\dataexchange.dll
0x00007ff9fd7d0000 - 0x00007ff9fda76000 	C:\WINDOWS\system32\twinapi.appcore.dll
0x00007ff9f6710000 - 0x00007ff9f6854000 	C:\WINDOWS\SYSTEM32\textinputframework.dll
0x00007ffa08070000 - 0x00007ffa081a5000 	C:\WINDOWS\SYSTEM32\CoreMessaging.dll
0x00007ff9ff970000 - 0x00007ff9ffcdc000 	C:\WINDOWS\SYSTEM32\CoreUIComponents.dll
0x00007ffa0c5e0000 - 0x00007ffa0c5ec000 	C:\WINDOWS\SYSTEM32\CRYPTBASE.DLL

dbghelp: loaded successfully - version: 4.0.5 - missing functions: none
symbol engine: initialized successfully - sym options: 0x614 - pdb path: .;C:\Program Files\Java\jdk-23\bin;C:\WINDOWS\SYSTEM32;C:\WINDOWS\WinSxS\amd64_microsoft.windows.common-controls_6595b64144ccf1df_6.0.22621.5124_none_270e8f4f7386d69d;C:\Program Files\Java\jdk-23\bin\server

VM Arguments:
jvm_args: -Dfile.encoding=UTF-8 --module-path=C:\Users\HP\OneDrive\Documents\NetBeansProjects\Travel Management System\build\classes 
java_command: travel.management.system.Signup
java_class_path (initial): C:\Users\HP\OneDrive\Documents\NetBeansProjects\Travel Management System\build\classes
Launcher Type: SUN_STANDARD

[Global flags]
     intx CICompilerCount                          = 4                                         {product} {ergonomic}
     uint ConcGCThreads                            = 2                                         {product} {ergonomic}
     uint G1ConcRefinementThreads                  = 8                                         {product} {ergonomic}
   size_t G1HeapRegionSize                         = 1048576                                   {product} {ergonomic}
   size_t InitialHeapSize                          = 134217728                                 {product} {ergonomic}
   size_t MarkStackSize                            = 4194304                                   {product} {ergonomic}
   size_t MarkStackSizeMax                         = 536870912                                 {product} {ergonomic}
   size_t MaxHeapSize                              = 2118123520                                {product} {ergonomic}
   size_t MaxNewSize                               = 1270874112                                {product} {ergonomic}
   size_t MinHeapDeltaBytes                        = 1048576                                   {product} {ergonomic}
   size_t MinHeapSize                              = 8388608                                   {product} {ergonomic}
    uintx NonNMethodCodeHeapSize                   = 5832704                                {pd product} {ergonomic}
    uintx NonProfiledCodeHeapSize                  = 122945536                              {pd product} {ergonomic}
    uintx ProfiledCodeHeapSize                     = 122880000                              {pd product} {ergonomic}
    uintx ReservedCodeCacheSize                    = 251658240                              {pd product} {ergonomic}
     bool SegmentedCodeCache                       = true                                      {product} {ergonomic}
   size_t SoftMaxHeapSize                          = 2118123520                             {manageable} {ergonomic}
     bool UseCompressedOops                        = true                           {product lp64_product} {ergonomic}
     bool UseG1GC                                  = true                                      {product} {ergonomic}
     bool UseLargePagesIndividualAllocation        = false                                  {pd product} {ergonomic}

Logging:
Log output configuration:
 #0: stdout all=warning uptime,level,tags foldmultilines=false
 #1: stderr all=off uptime,level,tags foldmultilines=false

Environment Variables:
JAVA_HOME=C:\Program Files\Java\jdk-23
PATH=C:\Program Files\Common Files\Oracle\Java\javapath;C:\app\HP\product\18.0.0\dbhomeXE\bin;C:\WINDOWS\system32;C:\WINDOWS;C:\WINDOWS\System32\Wbem;C:\WINDOWS\System32\WindowsPowerShell\v1.0\;C:\WINDOWS\System32\OpenSSH\;C:\Program Files\Git\cmd;C:\Program Files\Git LFS;C:\Program Files\Eclipse Adoptium\jdk-17.0.12.7-hotspot\bin;C:\Program Files\Java\jdk-23\bin;C:\Users\HP\AppData\Local\Microsoft\WindowsApps;C:\winlibs-x86_64-posix-seh-gcc-12.1.0-llvm-14.0.4-mingw-w64msvcrt-10.0.0-r2\mingw64\bin;C:\Users\HP\AppData\Local\GitHubDesktop\bin;C:\Program Files\JetBrains\PyCharm 2023.1.4\bin;;C:\Program Files\sf\bin;C:\Program Files\JetBrains\IntelliJ IDEA 2024.3\bin;;C:\Program Files\Eclipse Adoptium\jdk-17.0.12.7-hotspot\bin;;C:\Program Files\JetBrains\IntelliJ IDEA Community Edition 2024.3\bin;;C:\Users\HP\AppData\Local\Programs\Microsoft VS Code\bin
USERNAME=HP
OS=Windows_NT
PROCESSOR_IDENTIFIER=Intel64 Family 6 Model 142 Stepping 12, GenuineIntel
TMP=C:\Users\HP\AppData\Local\Temp
TEMP=C:\Users\HP\AppData\Local\Temp




Periodic native trim disabled

---------------  S Y S T E M  ---------------

OS:
 Windows 11 , 64 bit Build 22621 (10.0.22621.5124)
OS uptime: 10 days 1:06 hours
Hyper-V role detected

CPU: total 8 (initial active 8) (4 cores per cpu, 2 threads per core) family 6 model 142 stepping 12 microcode 0xea, cx8, cmov, fxsr, ht, mmx, 3dnowpref, sse, sse2, sse3, ssse3, sse4.1, sse4.2, popcnt, lzcnt, tsc, tscinvbit, avx, avx2, aes, erms, clmul, bmi1, bmi2, adx, fma, vzeroupper, clflush, clflushopt, hv, rdtscp, f16c
Processor Information for the first 8 processors :
  Max Mhz: 1800, Current Mhz: 1600, Mhz Limit: 1584

Memory: 4k page, system-wide physical 8078M (492M free)
TotalPageFile size 32654M (AvailPageFile size 0M)
current process WorkingSet (physical memory assigned to process): 87M, peak: 89M
current process commit charge ("private bytes"): 227M, peak: 228M

vm_info: Java HotSpot(TM) 64-Bit Server VM (23.0.1+11-39) for windows-amd64 JRE (23.0.1+11-39), built on 2024-09-30T07:20:43Z with MS VC++ 17.6 (VS2022)

END.
