#
# There is insufficient memory for the Java Runtime Environment to continue.
# Native memory allocation (mmap) failed to map 134217728 bytes. Error detail: G1 virtual space
# Possible reasons:
#   The system is out of physical RAM or swap space
#   This process is running with CompressedOops enabled, and the Java Heap may be blocking the growth of the native heap
# Possible solutions:
#   Reduce memory load on the system
#   Increase physical memory or swap space
#   Check if swap backing store is full
#   Decrease Java heap size (-Xmx/-Xms)
#   Decrease number of Java threads
#   Decrease Java thread stack sizes (-Xss)
#   Set larger code cache with -XX:ReservedCodeCacheSize=
#   JVM is running with Unscaled Compressed Oops mode in which the Java heap is
#     placed in the first 4GB address space. The Java Heap base address is the
#     maximum limit for the native heap growth. Please use -XX:HeapBaseMinAddress
#     to set the Java Heap base and to place the Java Heap above 4GB virtual address.
# This output file may be truncated or incomplete.
#
#  Out of Memory Error (os_windows.cpp:3703), pid=7616, tid=14032
#
# JRE version:  (23.0.1+11) (build )
# Java VM: Java HotSpot(TM) 64-Bit Server VM (23.0.1+11-39, mixed mode, sharing, tiered, compressed oops, compressed class ptrs, g1 gc, windows-amd64)
# No core dump will be written. Minidumps are not enabled by default on client versions of Windows
#

---------------  S U M M A R Y ------------

Command Line: -Dfile.encoding=UTF-8 --module-path=C:\Users\HP\OneDrive\Documents\NetBeansProjects\Travel Management System\build\classes travel.management.system.Signup

Host: Intel(R) Core(TM) i5-8265U CPU @ 1.60GHz, 8 cores, 7G,  Windows 11 , 64 bit Build 22621 (10.0.22621.5124)
Time: Sat Apr 19 16:54:17 2025 India Standard Time elapsed time: 0.032257 seconds (0d 0h 0m 0s)

---------------  T H R E A D  ---------------

Current thread (0x000001c5f93dad20):  JavaThread "Unknown thread" [_thread_in_vm, id=14032, stack(0x000000bad2400000,0x000000bad2500000) (1024K)]

Stack: [0x000000bad2400000,0x000000bad2500000]
Native frames: (J=compiled Java code, j=interpreted, Vv=VM code, C=native code)
V  [jvm.dll+0x6e08b9]  (no source info available)
V  [jvm.dll+0x87dc83]  (no source info available)
V  [jvm.dll+0x88010e]  (no source info available)
V  [jvm.dll+0x8807e3]  (no source info available)
V  [jvm.dll+0x27aee6]  (no source info available)
V  [jvm.dll+0x6dd1c5]  (no source info available)
V  [jvm.dll+0x6d104a]  (no source info available)
V  [jvm.dll+0x35b3ea]  (no source info available)
V  [jvm.dll+0x3637f6]  (no source info available)
V  [jvm.dll+0x34fd5e]  (no source info available)
V  [jvm.dll+0x34fff8]  (no source info available)
V  [jvm.dll+0x3289cc]  (no source info available)
V  [jvm.dll+0x32966e]  (no source info available)
V  [jvm.dll+0x844355]  (no source info available)
V  [jvm.dll+0x3b9848]  (no source info available)
V  [jvm.dll+0x82d14c]  (no source info available)
V  [jvm.dll+0x454d4e]  (no source info available)
V  [jvm.dll+0x456bd1]  (no source info available)
C  [jli.dll+0x52a3]  (no source info available)
C  [ucrtbase.dll+0x29333]  (no source info available)
C  [KERNEL32.DLL+0x1259d]  (no source info available)
C  [ntdll.dll+0x5af38]  (no source info available)

Lock stack of current Java thread (top to bottom):


---------------  P R O C E S S  ---------------

Threads class SMR info:
_java_thread_list=0x00007ff9823a3618, length=0, elements={
}

Java Threads: ( => current thread )
Total: 0

Other Threads:
  0x000001c5fb7636b0 WorkerThread "GC Thread#0"                     [id=14896, stack(0x000000bad2500000,0x000000bad2600000) (1024K)]
  0x000001c5fb7782a0 ConcurrentGCThread "G1 Main Marker"            [id=21576, stack(0x000000bad2600000,0x000000bad2700000) (1024K)]
  0x000001c5fb77a380 WorkerThread "G1 Conc#0"                       [id=16556, stack(0x000000bad2700000,0x000000bad2800000) (1024K)]

[error occurred during error reporting (printing all threads), id 0xc0000005, EXCEPTION_ACCESS_VIOLATION (0xc0000005) at pc=0x00007ff981aebfba]
VM state: not at safepoint (not fully initialized)

VM Mutex/Monitor currently owned by a thread:  ([mutex/lock_event])
[0x00007ff982423a10] Heap_lock - owner thread: 0x000001c5f93dad20

Heap address: 0x0000000081c00000, size: 2020 MB, Compressed Oops mode: 32-bit

CDS archive(s) mapped at: [0x0000000000000000-0x0000000000000000-0x0000000000000000), size 0, SharedBaseAddress: 0x0000000800000000, ArchiveRelocationMode: 1.
Narrow klass base: 0x0000000000000000, Narrow klass shift: 0, Narrow klass range: 0x0

GC Precious Log:
 CardTable entry size: 512
 Card Set container configuration: InlinePtr #cards 5 size 8 Array Of Cards #cards 10 size 36 Howl #buckets 4 coarsen threshold 1843 Howl Bitmap #cards 512 size 80 coarsen threshold 460 Card regions per heap region 1 cards per card region 2048

Heap:
 garbage-first heap   total reserved 2068480K, committed 0K, used 0K [0x0000000081c00000, 0x0000000100000000)
  region size 1024K, 0 young (0K), 0 survivors (0K)

[error occurred during error reporting (printing heap information), id 0xc0000005, EXCEPTION_ACCESS_VIOLATION (0xc0000005) at pc=0x00007ff981eec3c9]
GC Heap History (0 events):
No events

Dll operation events (1 events):
Event: 0.009 Loaded shared library C:\Program Files\Java\jdk-23\bin\java.dll

Deoptimization events (0 events):
No events

Classes loaded (0 events):
No events

Classes unloaded (0 events):
No events

Classes redefined (0 events):
No events

Internal exceptions (0 events):
No events

VM Operations (0 events):
No events

Memory protections (0 events):
No events

Nmethod flushes (0 events):
No events

Events (0 events):
No events


Dynamic libraries:
0x00007ff70bf80000 - 0x00007ff70bf90000 	C:\Program Files\Java\jdk-23\bin\java.exe
0x00007ffa0fdf0000 - 0x00007ffa10007000 	C:\WINDOWS\SYSTEM32\ntdll.dll
0x00007ffa0e1d0000 - 0x00007ffa0e294000 	C:\WINDOWS\System32\KERNEL32.DLL
0x00007ffa0cf30000 - 0x00007ffa0d303000 	C:\WINDOWS\System32\KERNELBASE.dll
0x00007ffa08550000 - 0x00007ffa085e7000 	C:\WINDOWS\SYSTEM32\apphelp.dll
0x00007ffa0d8d0000 - 0x00007ffa0d9e1000 	C:\WINDOWS\System32\ucrtbase.dll
0x00007ff9f3330000 - 0x00007ff9f334b000 	C:\Program Files\Java\jdk-23\bin\VCRUNTIME140.dll
0x00007ff9f5f00000 - 0x00007ff9f5f17000 	C:\Program Files\Java\jdk-23\bin\jli.dll
0x00007ffa0e850000 - 0x00007ffa0ea01000 	C:\WINDOWS\System32\USER32.dll
0x00007ffa0cf00000 - 0x00007ffa0cf26000 	C:\WINDOWS\System32\win32u.dll
0x00007ff9dcf40000 - 0x00007ff9dd1d8000 	C:\WINDOWS\WinSxS\amd64_microsoft.windows.common-controls_6595b64144ccf1df_6.0.22621.5124_none_270e8f4f7386d69d\COMCTL32.dll
0x00007ffa0f130000 - 0x00007ffa0f159000 	C:\WINDOWS\System32\GDI32.dll
0x00007ffa0ebe0000 - 0x00007ffa0ec87000 	C:\WINDOWS\System32\msvcrt.dll
0x00007ffa0d3d0000 - 0x00007ffa0d4eb000 	C:\WINDOWS\System32\gdi32full.dll
0x00007ffa0d9f0000 - 0x00007ffa0da8a000 	C:\WINDOWS\System32\msvcp_win.dll
0x00007ffa0eaa0000 - 0x00007ffa0ead1000 	C:\WINDOWS\System32\IMM32.DLL
0x00007ffa064f0000 - 0x00007ffa064fc000 	C:\Program Files\Java\jdk-23\bin\vcruntime140_1.dll
0x00007ff9c33e0000 - 0x00007ff9c346e000 	C:\Program Files\Java\jdk-23\bin\msvcp140.dll
0x00007ff9817b0000 - 0x00007ff9824ff000 	C:\Program Files\Java\jdk-23\bin\server\jvm.dll
0x00007ffa0f160000 - 0x00007ffa0f211000 	C:\WINDOWS\System32\ADVAPI32.dll
0x00007ffa0eae0000 - 0x00007ffa0eb88000 	C:\WINDOWS\System32\sechost.dll
0x00007ffa0d8a0000 - 0x00007ffa0d8c8000 	C:\WINDOWS\System32\bcrypt.dll
0x00007ffa0f3e0000 - 0x00007ffa0f4f4000 	C:\WINDOWS\System32\RPCRT4.dll
0x00007ffa0e150000 - 0x00007ffa0e1c1000 	C:\WINDOWS\System32\WS2_32.dll
0x00007ffa0cdd0000 - 0x00007ffa0ce1d000 	C:\WINDOWS\SYSTEM32\POWRPROF.dll
0x00007ffa08610000 - 0x00007ffa08644000 	C:\WINDOWS\SYSTEM32\WINMM.dll
0x00007ffa08d10000 - 0x00007ffa08d1a000 	C:\WINDOWS\SYSTEM32\VERSION.dll
0x00007ffa0cdb0000 - 0x00007ffa0cdc3000 	C:\WINDOWS\SYSTEM32\UMPDC.dll
0x00007ffa0bef0000 - 0x00007ffa0bf08000 	C:\WINDOWS\SYSTEM32\kernel.appcore.dll
0x00007ffa045a0000 - 0x00007ffa045aa000 	C:\Program Files\Java\jdk-23\bin\jimage.dll
0x00007ffa0a9a0000 - 0x00007ffa0abd2000 	C:\WINDOWS\SYSTEM32\DBGHELP.DLL
0x00007ffa0e2c0000 - 0x00007ffa0e652000 	C:\WINDOWS\System32\combase.dll
0x00007ffa0e660000 - 0x00007ffa0e737000 	C:\WINDOWS\System32\OLEAUT32.dll
0x00007ffa060e0000 - 0x00007ffa06112000 	C:\WINDOWS\SYSTEM32\dbgcore.DLL
0x00007ffa0d820000 - 0x00007ffa0d89b000 	C:\WINDOWS\System32\bcryptPrimitives.dll
0x00007ff9e8330000 - 0x00007ff9e834e000 	C:\Program Files\Java\jdk-23\bin\java.dll
0x00007ffa0df20000 - 0x00007ffa0e0c1000 	C:\WINDOWS\System32\ole32.dll
0x00007ffa0f500000 - 0x00007ffa0fd96000 	C:\WINDOWS\System32\SHELL32.dll
0x00007ffa0d4f0000 - 0x00007ffa0d62f000 	C:\WINDOWS\System32\wintypes.dll

dbghelp: loaded successfully - version: 4.0.5 - missing functions: none
symbol engine: initialized successfully - sym options: 0x614 - pdb path: .;C:\Program Files\Java\jdk-23\bin;C:\WINDOWS\SYSTEM32;C:\WINDOWS\WinSxS\amd64_microsoft.windows.common-controls_6595b64144ccf1df_6.0.22621.5124_none_270e8f4f7386d69d;C:\Program Files\Java\jdk-23\bin\server

VM Arguments:
jvm_args: -Dfile.encoding=UTF-8 --module-path=C:\Users\HP\OneDrive\Documents\NetBeansProjects\Travel Management System\build\classes 
java_command: travel.management.system.Signup
java_class_path (initial): C:\Users\HP\OneDrive\Documents\NetBeansProjects\Travel Management System\build\classes
Launcher Type: SUN_STANDARD

[Global flags]
     intx CICompilerCount                          = 4                                         {product} {ergonomic}
     uint ConcGCThreads                            = 2                                         {product} {ergonomic}
     uint G1ConcRefinementThreads                  = 8                                         {product} {ergonomic}
   size_t G1HeapRegionSize                         = 1048576                                   {product} {ergonomic}
   size_t InitialHeapSize                          = 134217728                                 {product} {ergonomic}
   size_t MarkStackSize                            = 4194304                                   {product} {ergonomic}
   size_t MarkStackSizeMax                         = 536870912                                 {product} {ergonomic}
   size_t MaxHeapSize                              = 2118123520                                {product} {ergonomic}
   size_t MinHeapDeltaBytes                        = 1048576                                   {product} {ergonomic}
   size_t MinHeapSize                              = 8388608                                   {product} {ergonomic}
    uintx NonNMethodCodeHeapSize                   = 5832704                                {pd product} {ergonomic}
    uintx NonProfiledCodeHeapSize                  = 122945536                              {pd product} {ergonomic}
    uintx ProfiledCodeHeapSize                     = 122880000                              {pd product} {ergonomic}
    uintx ReservedCodeCacheSize                    = 251658240                              {pd product} {ergonomic}
     bool SegmentedCodeCache                       = true                                      {product} {ergonomic}
   size_t SoftMaxHeapSize                          = 2118123520                             {manageable} {ergonomic}
     bool UseCompressedOops                        = true                           {product lp64_product} {ergonomic}
     bool UseG1GC                                  = true                                      {product} {ergonomic}
     bool UseLargePagesIndividualAllocation        = false                                  {pd product} {ergonomic}

Logging:
Log output configuration:
 #0: stdout all=warning uptime,level,tags foldmultilines=false
 #1: stderr all=off uptime,level,tags foldmultilines=false

Environment Variables:
JAVA_HOME=C:\Program Files\Java\jdk-23
PATH=C:\Program Files\Common Files\Oracle\Java\javapath;C:\app\HP\product\18.0.0\dbhomeXE\bin;C:\WINDOWS\system32;C:\WINDOWS;C:\WINDOWS\System32\Wbem;C:\WINDOWS\System32\WindowsPowerShell\v1.0\;C:\WINDOWS\System32\OpenSSH\;C:\Program Files\Git\cmd;C:\Program Files\Git LFS;C:\Program Files\Eclipse Adoptium\jdk-17.0.12.7-hotspot\bin;C:\Program Files\Java\jdk-23\bin;C:\Users\HP\AppData\Local\Microsoft\WindowsApps;C:\winlibs-x86_64-posix-seh-gcc-12.1.0-llvm-14.0.4-mingw-w64msvcrt-10.0.0-r2\mingw64\bin;C:\Users\HP\AppData\Local\GitHubDesktop\bin;C:\Program Files\JetBrains\PyCharm 2023.1.4\bin;;C:\Program Files\sf\bin;C:\Program Files\JetBrains\IntelliJ IDEA 2024.3\bin;;C:\Program Files\Eclipse Adoptium\jdk-17.0.12.7-hotspot\bin;;C:\Program Files\JetBrains\IntelliJ IDEA Community Edition 2024.3\bin;;C:\Users\HP\AppData\Local\Programs\Microsoft VS Code\bin
USERNAME=HP
OS=Windows_NT
PROCESSOR_IDENTIFIER=Intel64 Family 6 Model 142 Stepping 12, GenuineIntel
TMP=C:\Users\HP\AppData\Local\Temp
TEMP=C:\Users\HP\AppData\Local\Temp




Periodic native trim disabled

---------------  S Y S T E M  ---------------

OS:
 Windows 11 , 64 bit Build 22621 (10.0.22621.5124)
OS uptime: 10 days 0:59 hours
Hyper-V role detected

CPU: total 8 (initial active 8) (4 cores per cpu, 2 threads per core) family 6 model 142 stepping 12 microcode 0xea, cx8, cmov, fxsr, ht, mmx, 3dnowpref, sse, sse2, sse3, ssse3, sse4.1, sse4.2, popcnt, lzcnt, tsc, tscinvbit, avx, avx2, aes, erms, clmul, bmi1, bmi2, adx, fma, vzeroupper, clflush, clflushopt, hv, rdtscp, f16c
Processor Information for the first 8 processors :
  Max Mhz: 1800, Current Mhz: 1600, Mhz Limit: 1584

Memory: 4k page, system-wide physical 8078M (423M free)
TotalPageFile size 32642M (AvailPageFile size 116M)
current process WorkingSet (physical memory assigned to process): 13M, peak: 13M
current process commit charge ("private bytes"): 61M, peak: 188M

vm_info: Java HotSpot(TM) 64-Bit Server VM (23.0.1+11-39) for windows-amd64 JRE (23.0.1+11-39), built on 2024-09-30T07:20:43Z with MS VC++ 17.6 (VS2022)

END.
